#-----------------------------------------------------------
# Vivado v2025.2 (64-bit)
# SW Build 6299465 on Fri Nov 14 19:35:11 GMT 2025
# IP Build 6300035 on Fri Nov 14 10:48:45 MST 2025
# SharedData Build 6298862 on Thu Nov 13 04:50:51 MST 2025
# Start of session at: Thu Apr  9 16:58:33 2026
# Process ID         : 15088
# Current directory  : C:/CFPGA_PROJECTS/car doging game
# Command line       : vivado.exe -gui_launcher_event rodinguilauncherevent63752 C:\CFPGA_PROJECTS\car doging game\car doging game.xpr
# Log file           : C:/CFPGA_PROJECTS/car doging game/vivado.log
# Journal file       : C:/CFPGA_PROJECTS/car doging game\vivado.jou
# Running On         : RAGHUVEER
# Platform           : Windows Server 2016 or Windows 10
# Operating System   : 26200
# Processor Detail   : 13th Gen Intel(R) Core(TM) i7-1355U
# CPU Frequency      : 2611 MHz
# CPU Physical cores : 10
# CPU Logical cores  : 12
# Host memory        : 16876 MB
# Swap memory        : 7499 MB
# Total Virtual      : 24376 MB
# Available Virtual  : 7639 MB
#-----------------------------------------------------------
start_gui
open_project {C:/CFPGA_PROJECTS/car doging game/car doging game.xpr}
update_compile_order -fileset sources_1
